iconosgif\gif16\apply_filters.gif          
iconosgif\gif16\backward_nav.gif           
iconosgif\gif16\clear_co.gif               
iconosgif\gif16\close_view.gif             
iconosgif\gif16\collapseall.gif            
iconosgif\gif16\copy_edit.gif              
iconosgif\gif16\cut_edit.gif               
iconosgif\gif16\delete_obj.gif             
iconosgif\gif16\down_nav.gif               
iconosgif\gif16\export_wiz.gif             
iconosgif\gif16\filter.gif                 
iconosgif\gif16\forward_nav.gif            
iconosgif\gif16\glass_obj.gif              
iconosgif\gif16\info_obj.gif               
iconosgif\gif16\insight16.gif              
iconosgif\gif16\linkto_help.gif            
iconosgif\gif16\new_con.gif                
iconosgif\gif16\open_project.gif           
iconosgif\gif16\paste_edit.gif             
iconosgif\gif16\print_obj.gif              
iconosgif\gif16\project_tree.gif           
iconosgif\gif16\run_exc.gif                
iconosgif\gif16\save_edit.gif              
iconosgif\gif16\sortAscendingIcon.gif      
iconosgif\gif16\sortDescendingIcon.gif     
iconosgif\gif16\sql.gif                    
iconosgif\gif16\glass_obj.gif              
iconosgif\gif16\file_ext.gif               
iconosgif\gif16\add_obj.gif                                                        
iconosgif\gif16\alert_obj.gif                                                      
iconosgif\gif16\api.gif                                                            
iconosgif\gif16\bindings.gif                                                       
iconosgif\gif16\cmd_system.gif                                                     
iconosgif\gif16\cmd_user.gif                                                       
iconosgif\gif16\column_obj.gif                                                     
iconosgif\gif16\dd_group_icon.gif                                                  
iconosgif\gif16\dd_icon.gif                                                        
iconosgif\gif16\delete_obj.gif                                                     
iconosgif\gif16\dep_obj.gif                                                        
iconosgif\gif16\error_obj.gif                                                      
iconosgif\gif16\file.gif                                                           
iconosgif\gif16\file_df.gif                                                        
iconosgif\gif16\file_ext.gif                                                       
iconosgif\gif16\file_fmt.gif                                                       
iconosgif\gif16\file_prt.gif                                                       
iconosgif\gif16\folder.gif                                                         
iconosgif\gif16\folder_ext.gif                                                     
iconosgif\gif16\folder_file_obj.gif                                                
iconosgif\gif16\folder_prg_obj.gif                                                 
iconosgif\gif16\function.gif                                                       
iconosgif\gif16\ile_module_cl.gif                                                  
iconosgif\gif16\ile_module_rpg.gif                                                 
iconosgif\gif16\ile_module_start.gif                                               
iconosgif\gif16\library.gif                                                        
iconosgif\gif16\library_ext.gif                                                    
iconosgif\gif16\members.gif                                                        
iconosgif\gif16\menu.gif                                                           
iconosgif\gif16\module.gif                                                         
iconosgif\gif16\module_ext.gif                                                     
iconosgif\gif16\paragraph_obj.gif                                                  
iconosgif\gif16\parameter_obj.gif                                                  
iconosgif\gif16\procedure_obj.gif       
iconosgif\gif16\program.gif             
iconosgif\gif16\program_cbl.gif         
iconosgif\gif16\program_cl.gif          
iconosgif\gif16\program_ext.gif         
iconosgif\gif16\program_ile.gif         
iconosgif\gif16\program_rpg.gif         
iconosgif\gif16\public_co.gif           
iconosgif\gif16\pview.gif               
iconosgif\gif16\refresh_nav.gif         
iconosgif\gif16\repository.gif          
iconosgif\gif16\run_exc.gif             
iconosgif\gif16\service_program.gif     
iconosgif\gif16\statistic_stm.gif       
iconosgif\gif16\stmt_obj.gif            
iconosgif\gif16\subtip_obj.gif          
iconosgif\gif16\table_obj.gif           
iconosgif\gif16\tipmatch_obj.gif        
iconosgif\gif16\transparent.gif         
iconosgif\gif16\var_char_obj.gif        
iconosgif\gif16\var_dec_obj.gif         
iconosgif\gif16\warning_obj.gif         